Script started on Wed 22 Apr 2015 05:52:22 PM EDT
fontana1@charlie:~$ exit[Kexitgcc Assign6.ccat Assign6.c

#include<stdio.h>

#include<string.h>

typedef struct{

	int ID;

	float grades[10];

	float GPA;

}i_t;

int main()

{

	FILE *FP,*FP2;

	FP = fopen("assign6.dat","r"); //Opens Input File

	FP2 = fopen("assign6out.dat","wb"); //Opens processing file (used for sort)

	i_t A; 

	int r=0,d,c,bytes_f=0,bytes_s=0;

	char S[100];

	while(!feof(FP)) //Runs until File has reached end

	{

		fgets(S,100,FP);

		bytes_f+=strlen(S); //Calculates size in bytes of input line

		bytes_s+=sizeof(i_t); //Calculates size in bytes of structure line

		sscanf(S,"%d %f %f %f %f %f %f %f %f %f %f",&A.ID,&A.grades[0],&A.grades[1],

			&A.grades[2],&A.grades[3],&A.grades[4],&A.grades[5],

			&A.grades[6],&A.grades[7],&A.grades[8],&A.grades[9]);

		//Calculate GPA

		A.GPA=0;

		for (c=0;c<10;c++)

			A.GPA+=A.grades[c];

		A.GPA/=10;

		//Output structure to assign6out.dat:

		fseek(FP2,r*sizeof(i_t),SEEK_SET);

		fwrite(&A,sizeof(i_t),1,FP2);

		r++; //Record counter

	}

	fclose(FP); //Closes input file

	fclose(FP2);//Closes processing file

	i_t Std1, Std2; //Creates two structures used for sorting the file

	FP = fopen("assign6out.dat", "rb+"); //Open assign6out.dat for reading

	//SORT IN PLACE: 

	for(d=0;d<r-1;d++) //BUBBLE SORT

	{

		for(c=0;c<r-1;c++)

		{

			fseek(FP,c*sizeof(i_t),SEEK_SET);

			fread(&Std1, sizeof(i_t), 1, FP);//Read student c and save to Structure Std1

			fread(&Std2, sizeof(i_t), 1, FP);//Read student c+1 and save to Structure Std2

			if(Std1.ID>Std2.ID)//Compare ID of Student c with ID of studnet c+1

			{

				fseek(FP,c*sizeof(i_t),SEEK_SET); 	//Perform

				fwrite(&Std2,sizeof(i_t),1,FP);	//A

				fwrite(&Std1,sizeof(i_t),1,FP);	//Swap

			}

		}

	}

	FP2 = fopen("assign6results.dat", "w"); //Open the file for reading

	for (c=0;c<r;c++) //Print the file contents

	{

		fseek(FP,c*sizeof(i_t),SEEK_SET);

		fread(&Std1, sizeof(i_t), 1, FP);//Reads the data into Std1

		//Outputs the data to output file

		fprintf(FP2,"%d %.2f %.2f %.2f %.2f %.2f %.2f %.2f %.2f %.2f %.2f\tGPA: %.2f\n",Std1.ID,

			Std1.grades[0],Std1.grades[1],Std1.grades[2],Std1.grades[3],Std1.grades[4],

			Std1.grades[5],Std1.grades[6],Std1.grades[7],Std1.grades[8],Std1.grades[9],Std1.GPA);

	}

	//Prints size in bytes of files

	fprintf(FP2,"Size of assign6.dat: %d Bytes\nSize of assign6out.dat: %d Bytes",bytes_f,bytes_s);

	fclose(FP2); //Close the File

	fclose(FP); //Close the File

	return 0; //Program End

}fontana1@charlie:~$ cat Assign6.cexit[Kgcc Assign6.c

fontana1@charlie:~$ a[K./a.out

fontana1@charlie:~$ Is -;l[K[Kl

Is: command not found

fontana1@charlie:~$ Ls -l

Ls: command not found

fontana1@charlie:~$ ls -l

total 303

-rwxr-xr-x 1 fontana1 temp  7519 Apr 22 17:52 [0m[01;32ma.out[0m

-rw-r--r-- 1 fontana1 temp  7598 Mar  4 22:06 assign1.txt

-rw-r--r-- 1 fontana1 temp 12062 Feb 15 18:17 assign2.c

-rw-r--r-- 1 fontana1 temp 27893 Feb 15 18:21 assign2.txt

-rw-r--r-- 1 fontana1 temp 13066 Mar 19 16:16 assign4.txt

-rw-r--r-- 1 fontana1 temp 17312 Apr  2 13:03 assign5.txt

-rw-r--r-- 1 fontana1 temp  2376 Apr 22 17:51 Assign6.c

-rw-r--r-- 1 fontana1 temp   567 Apr 22 16:40 assign6.dat

-rw-r--r-- 1 fontana1 temp   480 Apr 22 17:52 assign6out.dat

-rw-r--r-- 1 fontana1 temp   818 Apr 22 17:52 assign6results.dat

-rw-r--r-- 1 fontana1 temp  2560 Apr 22 17:52 Assign6.txt

-rw-r--r-- 1 fontana1 temp  2375 Apr 22 17:49 b.c

-rw-r--r-- 1 fontana1 temp   411 Apr 21 13:50 c.c

drwxr-xr-x 4 fontana1 temp    57 Mar 18 19:55 [01;34mCS[0m

drwxr-xr-x 2 fontana1 temp     2 Sep 11  2014 [01;34mDesktop[0m

drwxr-xr-x 2 fontana1 temp     3 Apr  1 17:15 [01;34mDocuments[0m

drwxr-xr-x 2 fontana1 temp     4 Feb 25 18:56 [01;34mDownloads[0m

-rw-r--r-- 1 fontana1 temp   352 Apr 21 15:25 employee.dat

-rw-r--r-- 1 fontana1 temp  3407 Feb 14 15:24 I2.c

-rw-r--r-- 1 fontana1 temp     0 Feb  4 19:53 I2.c~

-rw-r--r-- 1 fontana1 temp 12062 Feb 15 18:17 I2n.c

-rw-r--r-- 1 fontana1 temp  1593 Jan 30 17:34 IA1 (2).c

-rw-r--r-- 1 fontana1 temp  6148 Jan 31 11:33 IA12.c

-rw-r--r-- 1 fontana1 temp  1595 Jan 30 12:36 IA1.c

-rw-r--r-- 1 fontana1 temp   710 Jan 28 19:19 IA1.c~

-rw-r--r-- 1 fontana1 temp  1629 Jan 20 14:15 IA2.c~

-rw-r--r-- 1 fontana1 temp  5647 Mar  4 15:31 IA3.c

-rw-r--r-- 1 fontana1 temp  6991 Mar 19 16:13 IA4.c

-rw-r--r-- 1 fontana1 temp  5641 Apr  2 12:30 IA5a.c

-rw-r--r-- 1 fontana1 temp  9179 Apr  2 12:44 IA5b.c

-rw-r--r-- 1 fontana1 temp 10739 Apr  2 13:00 IA5.c

-rw-r--r-- 1 fontana1 temp    69 Mar  8 19:25 IA6.c

-rw-r--r-- 1 fontana1 temp  1446 Jan 30 17:31 i.c

-rw-r--r-- 1 fontana1 temp   567 Apr 22 16:40 input.txt

-rw-r--r-- 1 fontana1 temp     3 Jan 28 19:12 input.txt~

-rw-r--r-- 1 fontana1 temp  4501 Feb  4 19:50 l3.c

-rw-r--r-- 1 fontana1 temp  4527 Feb  4 19:49 l3.c~

-rw-r--r-- 1 fontana1 temp   346 Feb 10 14:28 L4.c

-rw-r--r-- 1 fontana1 temp  3213 Apr  2 11:01 lab10.c

-rw-r--r-- 1 fontana1 temp  4729 Jan 28 19:51 lab1.c

-rw-r--r-- 1 fontana1 temp  4728 Jan 28 19:51 lab1.c~

-rw-r--r-- 1 fontana1 temp  4500 Jan 28 19:48 lab2.c

-rw-r--r-- 1 fontana1 temp  4461 Jan 28 19:07 lab2.c~

-rw-r--r-- 1 fontana1 temp  3224 Feb  2 22:40 lab3.c

-rw-r--r-- 1 fontana1 temp  2029 Feb 11 19:22 lab4.c

-rw-r--r-- 1 fontana1 temp  2029 Feb 11 19:22 lab4.c~

-rw-r--r-- 1 fontana1 temp  1218 Feb 25 19:00 lab5a.c

-rw-r--r-- 1 fontana1 temp  1249 Feb 25 17:46 lab5a.c~

-rw-r--r-- 1 fontana1 temp  2482 Feb 25 19:00 lab5.c

-rw-r--r-- 1 fontana1 temp  2936 Feb 25 19:27 lab5.c~

-rw-r--r-- 1 fontana1 temp   878 Mar  9 14:40 lab6.c

-rw-r--r-- 1 fontana1 temp  1787 Mar  4 19:59 lab6.c~

-rw-r--r-- 1 fontana1 temp  3209 Mar 18 17:37 lab7a.c

-rw-r--r-- 1 fontana1 temp  2146 Mar 11 20:14 lab7a.c~

-rw-r--r-- 1 fontana1 temp  1120 Mar 18 17:40 lab7b.c

-rw-r--r-- 1 fontana1 temp  2357 Mar 11 18:54 lab7.c

-rw-r--r-- 1 fontana1 temp  1644 Mar 31 13:18 lab8a.c

-rw-r--r-- 1 fontana1 temp  1126 Mar 18 20:11 lab8a.c~

-rw-r--r-- 1 fontana1 temp  1041 Mar 25 19:14 lab8b.c

-rw-r--r-- 1 fontana1 temp  1041 Mar 25 19:03 lab8b.c~

-rw-r--r-- 1 fontana1 temp  2058 Apr  1 19:52 lab9a.c

-rw-r--r-- 1 fontana1 temp  2020 Apr  1 19:50 lab9a.c~

-rw-r--r-- 1 fontana1 temp  1333 Apr 21 15:22 lab9b.c

-rw-r--r-- 1 fontana1 temp  1352 Apr  1 19:47 lab9b.c~

-rw-r--r-- 1 fontana1 temp   926 Feb 11 12:17 lI3.c

drwxr-xr-x 2 fontana1 temp     2 Sep 11  2014 [01;34mMusic[0m

-rw-r--r-- 1 fontana1 temp   264 Mar 18 02:03 n.c

drwxr-xr-x 2 fontana1 temp     2 Sep 11  2014 [01;34mPictures[0m

drwxr-xr-x 2 fontana1 temp     2 Sep 11  2014 [01;34mPublic[0m

-rw-r--r-- 1 fontana1 temp  3837 Mar  9 16:08 s_IA4.c

-rw-r--r-- 1 fontana1 temp    88 Apr  1 18:18 stdlist.txt

drwxr-xr-x 2 fontana1 temp     3 Apr 22 17:51 [01;34mTemplates[0m

drwxr-xr-x 2 fontana1 temp     4 Sep  9  2014 [01;34mTest[0m

-rw-r--r-- 1 fontana1 temp   403 Mar 18 00:52 test.c

-rw-r--r-- 1 fontana1 temp   266 Mar  4 19:40 test.c~

-rw-r--r-- 1 fontana1 temp    50 Sep 11  2014 test.m~

-rw-r--r-- 1 fontana1 temp   121 Mar 19 13:38 text.txt

-rw-r--r-- 1 fontana1 temp   645 Feb 11 19:13 trace.c

-rw-r--r-- 1 fontana1 temp     1 Mar  3 16:23 t.txt

drwxr-xr-x 2 fontana1 temp     3 Mar  3 20:59 [01;34mVideos[0m

-rw-r--r-- 1 fontana1 temp   494 Mar  3 16:02 w.c

fontana1@charlie:~$ eit[K[Kxit

exit


Script done on Wed 22 Apr 2015 05:52:58 PM EDT
